// Jest Snapshot v1, https://goo.gl/fbAQLP

exports[`ThemeProvider matches snapshot 1`] = `
<ContextProvider
  value={
    Object {
      "theme": "light",
      "themeIsLight": true,
      "toggleTheme": [Function],
    }
  }
>
  <div
    className="app theme light"
  >
    <p>
      test
    </p>
  </div>
</ContextProvider>
`;
