// Jest Snapshot v1, https://goo.gl/fbAQLP

exports[`Footer matches snapshot 1`] = `
<footer
  className="footer"
>
  <div
    className="footerInner"
  >
    <p
      id="copyright"
    >
      Â© 2021 filmyte.com
    </p>
    <div
      className="poweredBy"
    >
      <p
        className="poweredByText"
      >
        Powered by:
      </p>
      <ul
        className="poweredByList"
      >
        <li>
          <a
            href="https://www.themoviedb.org/"
            rel="noopener noreferrer"
            target="_blank"
          >
            The Movie Database (TMDb)
          </a>
        </li>
        <li>
          <a
            href="https://vercel.com/"
            rel="noopener noreferrer"
            target="_blank"
          >
            <img
              alt="Vercel Logo"
              className="vercelLogo"
              id="vercel-logo"
              src="/icons/vercel.svg"
            />
          </a>
        </li>
      </ul>
    </div>
  </div>
</footer>
`;
